using geometry D21 (tilted)
=============================================
IMATH Tracklet Calculator 1 2dphisector = 0.698132
rmaxL6 = 114.580078, zmaxD5 = 268.769531
      stub Ks: kr, kphi1, kz = 0.0292969, 7.8283e-06, 0.0585938
  tracklet Ks: krinvpars, kphi0pars, ktpars, kzpars = 1.04377e-06, 1.56566e-05, 0.00195312, 0.0585938
layer proj Ks: kphiproj456, kphider, kzproj, kzder = 7.8283e-06, 8.35019e-06, 0.0585938, 0.015625
 disk proj Ks: kphiprojdisk, kphiprojderdisk, krprojdisk, krprojderdisk = 6.26264e-05, 1.67004e-05, 0.0585938, 0.0078125
=============================================
initilaizing 1/dr LUT 25.136719 37.470703
=============================================
IMATH Tracklet Calculator 2 3dphisector = 0.698132
rmaxL6 = 114.580078, zmaxD5 = 268.769531
      stub Ks: kr, kphi1, kz = 0.0292969, 7.8283e-06, 0.0585938
  tracklet Ks: krinvpars, kphi0pars, ktpars, kzpars = 1.04377e-06, 1.56566e-05, 0.00195312, 0.0585938
layer proj Ks: kphiproj456, kphider, kzproj, kzder = 7.8283e-06, 8.35019e-06, 0.0585938, 0.015625
 disk proj Ks: kphiprojdisk, kphiprojderdisk, krprojdisk, krprojderdisk = 6.26264e-05, 1.67004e-05, 0.0585938, 0.0078125
=============================================
initilaizing 1/dr LUT 37.470703 52.587891
=============================================
IMATH Tracklet Calculator 3 4dphisector = 0.698132
rmaxL6 = 114.580078, zmaxD5 = 268.769531
      stub Ks: kr, kphi1, kz = 0.0292969, 7.8283e-06, 0.0585938
  tracklet Ks: krinvpars, kphi0pars, ktpars, kzpars = 1.04377e-06, 1.56566e-05, 0.00195312, 0.0585938
layer proj Ks: kphiproj456, kphider, kzproj, kzder = 7.8283e-06, 8.35019e-06, 0.0585938, 0.015625
 disk proj Ks: kphiprojdisk, kphiprojderdisk, krprojdisk, krprojderdisk = 6.26264e-05, 1.67004e-05, 0.0585938, 0.0078125
=============================================
initilaizing 1/dr LUT 52.587891 68.759766
=============================================
IMATH Tracklet Calculator 5 6dphisector = 0.698132
rmaxL6 = 114.580078, zmaxD5 = 268.769531
      stub Ks: kr, kphi1, kz = 0.0292969, 7.8283e-06, 0.0585938
  tracklet Ks: krinvpars, kphi0pars, ktpars, kzpars = 1.04377e-06, 1.56566e-05, 0.00195312, 0.0585938
layer proj Ks: kphiproj456, kphider, kzproj, kzder = 7.8283e-06, 8.35019e-06, 0.0585938, 0.015625
 disk proj Ks: kphiprojdisk, kphiprojderdisk, krprojdisk, krprojderdisk = 6.26264e-05, 1.67004e-05, 0.0585938, 0.0078125
=============================================
initilaizing 1/dr LUT 86.044922 110.830078
=============================================
IMATH Tracklet Calculator for Disk 1 2dphisector = 0.698132
rmaxL6 = 114.580078, zmaxD5 = 268.769531
      stub Ks: kr, kphi1, kz = 0.0292969, 7.8283e-06, 0.0585938
  tracklet Ks: krinvpars, kphi0pars, ktpars, kzpars = 1.04377e-06, 1.56566e-05, 0.00195312, 0.0585938
layer proj Ks: kphiproj456, kphider, kzproj, kzder = 7.8283e-06, 8.35019e-06, 0.0585938, 0.015625
 disk proj Ks: kphiprojdisk, kphiprojderdisk, krprojdisk, krprojderdisk = 6.26264e-05, 1.67004e-05, 0.0585938, 0.0078125
=============================================
=============================================
IMATH Tracklet Calculator for Disk 3 4dphisector = 0.698132
rmaxL6 = 114.580078, zmaxD5 = 268.769531
      stub Ks: kr, kphi1, kz = 0.0292969, 7.8283e-06, 0.0585938
  tracklet Ks: krinvpars, kphi0pars, ktpars, kzpars = 1.04377e-06, 1.56566e-05, 0.00195312, 0.0585938
layer proj Ks: kphiproj456, kphider, kzproj, kzder = 7.8283e-06, 8.35019e-06, 0.0585938, 0.015625
 disk proj Ks: kphiprojdisk, kphiprojderdisk, krprojdisk, krprojderdisk = 6.26264e-05, 1.67004e-05, 0.0585938, 0.0078125
=============================================
=============================================
IMATH Tracklet Calculator for Disk -1 -2dphisector = 0.698132
rmaxL6 = 114.580078, zmaxD5 = 268.769531
      stub Ks: kr, kphi1, kz = 0.0292969, 7.8283e-06, 0.0585938
  tracklet Ks: krinvpars, kphi0pars, ktpars, kzpars = 1.04377e-06, 1.56566e-05, 0.00195312, 0.0585938
layer proj Ks: kphiproj456, kphider, kzproj, kzder = 7.8283e-06, 8.35019e-06, 0.0585938, 0.015625
 disk proj Ks: kphiprojdisk, kphiprojderdisk, krprojdisk, krprojderdisk = 6.26264e-05, 1.67004e-05, 0.0585938, 0.0078125
=============================================
=============================================
IMATH Tracklet Calculator for Disk -3 -4dphisector = 0.698132
rmaxL6 = 114.580078, zmaxD5 = 268.769531
      stub Ks: kr, kphi1, kz = 0.0292969, 7.8283e-06, 0.0585938
  tracklet Ks: krinvpars, kphi0pars, ktpars, kzpars = 1.04377e-06, 1.56566e-05, 0.00195312, 0.0585938
layer proj Ks: kphiproj456, kphider, kzproj, kzder = 7.8283e-06, 8.35019e-06, 0.0585938, 0.015625
 disk proj Ks: kphiprojdisk, kphiprojderdisk, krprojdisk, krprojderdisk = 6.26264e-05, 1.67004e-05, 0.0585938, 0.0078125
=============================================
=============================================
IMATH Tracklet Calculator for Overlap 1 1dphisector = 0.698132
rmaxL6 = 114.580078, zmaxD5 = 268.769531
      stub Ks: kr, kphi1, kz = 0.0292969, 7.8283e-06, 0.0585938
  tracklet Ks: krinvpars, kphi0pars, ktpars, kzpars = 1.04377e-06, 1.56566e-05, 0.00195312, 0.0585938
layer proj Ks: kphiproj456, kphider, kzproj, kzder = 7.8283e-06, 8.35019e-06, 0.0585938, 0.015625
 disk proj Ks: kphiprojdisk, kphiprojderdisk, krprojdisk, krprojderdisk = 6.26264e-05, 1.67004e-05, 0.0585938, 0.0078125
=============================================
=============================================
IMATH Tracklet Calculator for Overlap 2 1dphisector = 0.698132
rmaxL6 = 114.580078, zmaxD5 = 268.769531
      stub Ks: kr, kphi1, kz = 0.0292969, 7.8283e-06, 0.0585938
  tracklet Ks: krinvpars, kphi0pars, ktpars, kzpars = 1.04377e-06, 1.56566e-05, 0.00195312, 0.0585938
layer proj Ks: kphiproj456, kphider, kzproj, kzder = 7.8283e-06, 8.35019e-06, 0.0585938, 0.015625
 disk proj Ks: kphiprojdisk, kphiprojderdisk, krprojdisk, krprojderdisk = 6.26264e-05, 1.67004e-05, 0.0585938, 0.0078125
=============================================
=============================================
IMATH Tracklet Calculator for Overlap 1 -1dphisector = 0.698132
rmaxL6 = 114.580078, zmaxD5 = 268.769531
      stub Ks: kr, kphi1, kz = 0.0292969, 7.8283e-06, 0.0585938
  tracklet Ks: krinvpars, kphi0pars, ktpars, kzpars = 1.04377e-06, 1.56566e-05, 0.00195312, 0.0585938
layer proj Ks: kphiproj456, kphider, kzproj, kzder = 7.8283e-06, 8.35019e-06, 0.0585938, 0.015625
 disk proj Ks: kphiprojdisk, kphiprojderdisk, krprojdisk, krprojderdisk = 6.26264e-05, 1.67004e-05, 0.0585938, 0.0078125
=============================================
=============================================
IMATH Tracklet Calculator for Overlap 2 -1dphisector = 0.698132
rmaxL6 = 114.580078, zmaxD5 = 268.769531
      stub Ks: kr, kphi1, kz = 0.0292969, 7.8283e-06, 0.0585938
  tracklet Ks: krinvpars, kphi0pars, ktpars, kzpars = 1.04377e-06, 1.56566e-05, 0.00195312, 0.0585938
layer proj Ks: kphiproj456, kphider, kzproj, kzder = 7.8283e-06, 8.35019e-06, 0.0585938, 0.015625
 disk proj Ks: kphiprojdisk, kphiprojderdisk, krprojdisk, krprojderdisk = 6.26264e-05, 1.67004e-05, 0.0585938, 0.0078125
=============================================
cabling DTC links :     /afs/cern.ch/user/j/jingyan/CMSSW_10_4_0/src/L1Trigger/TrackFindingTracklet/data/calcNumDTCLinks.txt
module cabling :     /afs/cern.ch/user/j/jingyan/CMSSW_10_4_0/src/L1Trigger/TrackFindingTracklet/data/modules_T5v3_27SP_nonant_tracklet.dat
fit pattern :     /afs/cern.ch/user/j/jingyan/CMSSW_10_4_0/src/L1Trigger/TrackFindingTracklet/data/fitpattern.txt
process modules : /afs/cern.ch/user/j/jingyan/CMSSW_10_4_0/src/L1Trigger/TrackFindingTracklet/data/processingmodules_hourglassExtended.dat
memory modules :  /afs/cern.ch/user/j/jingyan/CMSSW_10_4_0/src/L1Trigger/TrackFindingTracklet/data/memorymodules_hourglassExtended.dat
wires          :  /afs/cern.ch/user/j/jingyan/CMSSW_10_4_0/src/L1Trigger/TrackFindingTracklet/data/wires_hourglassExtended.dat
Will read memory modules file
Will read processing modules file
